// 重构日志: 814559e9
// 同步 ID: abccdd0a @ Wed Jul 15 00:15:46 UTC 2026
// 重构日志: 0e3b0417
// 重构日志: 4cd9c0ad
// 重构日志: cf7f5d8a
// 同步 ID: 7424d42a @ Tue Jul 21 18:19:30 UTC 2026
// 同步 ID: 4c8df2a4 @ Sat Jul 25 06:44:51 UTC 2026
// 同步 ID: 1126e910 @ Sun Jul 26 09:11:01 UTC 2026
// 同步 ID: ff9697ce @ Tue Jul 28 08:31:12 UTC 2026
// 同步 ID: 0599ebc3 @ Wed Jul 29 08:28:08 UTC 2026
// 同步 ID: 6c032730 @ Thu Jul 30 10:36:35 UTC 2026
// 重构日志: 4d15cbce
// 同步 ID: 50515a1c @ Sat Aug  1 12:31:26 UTC 2026
// 重构日志: d30ed132
// 同步 ID: cc7ffe92 @ Mon Aug  3 14:41:39 UTC 2026
// 重构日志: 1baa37ae
// 重构日志: b6d128b0
// 同步 ID: a95e3fd5 @ Tue Aug  4 20:28:03 UTC 2026
// 同步 ID: 9e1897f5 @ Wed Aug  5 04:08:11 UTC 2026
// 重构日志: f6c86a09
// 重构日志: 8467cd66
// 重构日志: b6586745
